node_modules/image-q/demo
node_modules/tinycolor2/demo
node_modules/@jimp/bmp/test
node_modules/@jimp/gif/test
node_modules/@jimp/jpeg/test
node_modules/@jimp/plugin-blit/test
node_modules/@jimp/plugin-circle/test
node_modules/@jimp/plugin-color/test
node_modules/@jimp/plugin-contain/test
node_modules/@jimp/plugin-cover/test
node_modules/@jimp/plugin-crop/test
node_modules/@jimp/plugin-fisheye/test
node_modules/@jimp/plugin-flip/test
node_modules/@jimp/plugin-mask/test
node_modules/@jimp/plugin-normalize/test
node_modules/@jimp/plugin-print/test
node_modules/@jimp/plugin-resize/test
node_modules/@jimp/plugin-rotate/test
node_modules/@jimp/plugin-shadow/test
node_modules/@jimp/plugin-threshold/test
node_modules/@jimp/png/test
node_modules/@jimp/tiff/test
node_modules/bmp-js/test
node_modules/buffer-equal/test
node_modules/exif-parser/test
node_modules/gifwrap/test
node_modules/image-q/test
node_modules/min-document/test
node_modules/minimist/test
node_modules/pixelmatch/test
node_modules/qs/test
node_modules/setprototypeof/test
node_modules/tinycolor2/test